// Jest Snapshot v1, https://goo.gl/fbAQLP

exports[`renders homepage unchanged 1`] = `
<div>
  <div
    class="mainContainer"
  >
    <main>
      <h1
        class="title"
      >
        Number to Roman Numeral Calculator
      </h1>
      <form
        class="form"
      >
        <label
          class="inputLabel"
        >
          Enter your number:
        </label>
        <div>
          <input
            class="input"
            placeholder="Enter Number..."
            type="text"
            value=""
          />
          <p
            class="displayNone"
          />
          <input
            class="inputButton"
            type="submit"
          />
        </div>
        <p
          class="result"
        >
          Answer: 
          <span
            style="font-weight: 700;"
          />
        </p>
      </form>
    </main>
    <footer
      class="footer"
    >
      <a
        href="https://vercel.com?utm_source=create-next-app&utm_medium=default-template&utm_campaign=create-next-app"
        rel="noopener noreferrer"
        target="_blank"
      >
        Powered by
         
        <span
          class="logo"
        >
          <img
            alt="Vercel Logo"
            data-nimg="1"
            decoding="async"
            height="16"
            loading="lazy"
            src="/vercel.svg"
            srcset="/vercel.svg 1x, /vercel.svg 2x"
            style="color: transparent;"
            width="72"
          />
        </span>
      </a>
    </footer>
  </div>
</div>
`;
